>>> say_my_name = __import__('3-say_my_name').say_my_name

Test valid inputs
>>> say_my_name("Rupita", "Nyongo")
My name is Rupita Nyongo

Test invalid inputs
>>> try:
...     say_my_name("Rupita", 123)
... except Exception as e:
...     print(e)
last_name must be a string

>>> try:
...     say_my_name(123, "Nyongo")
... except Exception as e:
...     print(e)
first_name must be a string

>>> try:
...     say_my_name()
... except Exception as e:
...     print(e)
say_my_name() missing 1 required positional argument: 'first_name'
